xargs: environment is too large for exec
To honour the JVM settings for this build a single-use Daemon process will be forked. For more on this, please refer to https://docs.gradle.org/8.10.2/userguide/gradle_daemon.html#sec:disabling_the_daemon in the Gradle documentation.
Daemon will be stopped at the end of the build 

> Configure project :app
Warning: Python version 3.13 may have fewer packages available. If you experience problems, try switching to version 3.8.

> Task :app:checkKotlinGradlePluginConfigurationErrors SKIPPED
> Task :app:extractDebugPythonBuildPackages UP-TO-DATE
> Task :app:generateDebugPythonRequirements UP-TO-DATE
> Task :app:mergeDebugPythonSources UP-TO-DATE
> Task :app:generateDebugPythonProxies UP-TO-DATE
> Task :app:preBuild UP-TO-DATE
> Task :app:preDebugBuild UP-TO-DATE
> Task :app:checkDebugAarMetadata
> Task :app:checkDebugAarMetadata UP-TO-DATE
> Task :app:generateDebugResValues UP-TO-DATE
> Task :app:mapDebugSourceSetPaths UP-TO-DATE
> Task :app:generateDebugResources UP-TO-DATE
> Task :app:mergeDebugResources UP-TO-DATE
> Task :app:packageDebugResources UP-TO-DATE
> Task :app:parseDebugLocalResources UP-TO-DATE
> Task :app:createDebugCompatibleScreenManifests UP-TO-DATE
> Task :app:extractDeepLinksDebug UP-TO-DATE
> Task :app:processDebugMainManifest UP-TO-DATE
> Task :app:processDebugManifest UP-TO-DATE
> Task :app:processDebugManifestForPackage UP-TO-DATE
> Task :app:processDebugResources UP-TO-DATE
> Task :app:compileDebugKotlin
w: file:///D:/00000/app/app/src/main/java/com/pyneon/academy/data/BackupUtil.kt:261:45 'static field ACTION_MEDIA_SCANNER_SCAN_FILE: String' is deprecated. Deprecated in Java.
w: file:///D:/00000/app/app/src/main/java/com/pyneon/academy/screens/CertificatePoster.kt:303:40 'static field ACTION_MEDIA_SCANNER_SCAN_FILE: String' is deprecated. Deprecated in Java.
w: file:///D:/00000/app/app/src/main/java/com/pyneon/academy/screens/MistakeScreen.kt:100:44 'val Icons.Filled.ArrowBack: ImageVector' is deprecated. Use the AutoMirrored version at Icons.AutoMirrored.Filled.ArrowBack.
w: file:///D:/00000/app/app/src/main/java/com/pyneon/academy/screens/StreakScreen.kt:100:44 'val Icons.Filled.ArrowBack: ImageVector' is deprecated. Use the AutoMirrored version at Icons.AutoMirrored.Filled.ArrowBack.
w: file:///D:/00000/app/app/src/main/java/com/pyneon/academy/screens/StreakScreen.kt:192:28 'val Icons.Filled.TrendingUp: ImageVector' is deprecated. Use the AutoMirrored version at Icons.AutoMirrored.Filled.TrendingUp.
w: file:///D:/00000/app/app/src/main/java/com/pyneon/academy/screens/StreakScreen.kt:250:50 'val Icons.Filled.TrendingUp: ImageVector' is deprecated. Use the AutoMirrored version at Icons.AutoMirrored.Filled.TrendingUp.

Deprecated Gradle features were used in this build, making it incompatible with Gradle 9.0.

You can use '--warning-mode all' to show the individual deprecation warnings and determine if they come from your own scripts or plugins.

For more on this, please refer to https://docs.gradle.org/8.10.2/userguide/command_line_interface.html#sec:command_line_warnings in the Gradle documentation.

BUILD SUCCESSFUL in 26m 8s
18 actionable tasks: 1 executed, 17 up-to-date
